// Jest Snapshot v1, https://goo.gl/fbAQLP

exports[`renders a text align component 1`] = `
<div
  className="inline field field-wrapper-my-field"
>
  <div
    className="ui grid"
  >
    <div
      className="stretched row"
    >
      <div
        className="four wide column"
      >
        <div
          className="wrapper"
        >
          <label
            htmlFor="field-my-field"
            id="fieldset-default-field-label-my-field"
          >
            My field
          </label>
        </div>
      </div>
      <div
        className="eight wide column"
      >
        <div
          className="align-tools"
        >
          <div
            className="ui buttons"
          >
            <button
              aria-label="left"
              className="ui active basic compact icon button"
              onClick={[Function]}
            >
              <svg
                className="icon"
                dangerouslySetInnerHTML={
                  Object {
                    "__html": undefined,
                  }
                }
                onClick={null}
                style={
                  Object {
                    "fill": "currentColor",
                    "height": "24px",
                    "width": "auto",
                  }
                }
                viewBox=""
                xmlns=""
              />
            </button>
          </div>
          <div
            className="ui buttons"
          >
            <button
              aria-label="right"
              className="ui basic compact icon button"
              onClick={[Function]}
            >
              <svg
                className="icon"
                dangerouslySetInnerHTML={
                  Object {
                    "__html": undefined,
                  }
                }
                onClick={null}
                style={
                  Object {
                    "fill": "currentColor",
                    "height": "24px",
                    "width": "auto",
                  }
                }
                viewBox=""
                xmlns=""
              />
            </button>
          </div>
          <div
            className="ui buttons"
          >
            <button
              aria-label="center"
              className="ui basic compact icon button"
              onClick={[Function]}
            >
              <svg
                className="icon"
                dangerouslySetInnerHTML={
                  Object {
                    "__html": undefined,
                  }
                }
                onClick={null}
                style={
                  Object {
                    "fill": "currentColor",
                    "height": "24px",
                    "width": "auto",
                  }
                }
                viewBox=""
                xmlns=""
              />
            </button>
          </div>
          <div
            className="ui buttons"
          >
            <button
              aria-label="justify"
              className="ui basic compact icon button"
              onClick={[Function]}
            >
              <svg
                className="icon"
                dangerouslySetInnerHTML={
                  Object {
                    "__html": undefined,
                  }
                }
                onClick={null}
                style={
                  Object {
                    "fill": "currentColor",
                    "height": "24px",
                    "width": "auto",
                  }
                }
                viewBox=""
                xmlns=""
              />
            </button>
          </div>
        </div>
      </div>
    </div>
  </div>
</div>
`;
